%!Adobe-FontList 1.16
%Locale:0x419

%BeginFont
Handler:DirectoryHandler
FontType:Invalid
OutlineFileName:F:\WEB\ВЕРСТКА\3 Работы  по верстке\Test 5 (Верстка)\Font\flaticon.html
FileModTime:1536080050
%EndFont

%BeginFont
Handler:DirectoryHandler
FontType:Invalid
OutlineFileName:F:\WEB\ВЕРСТКА\3 Работы  по верстке\Test 5 (Верстка)\Font\RobotoRegular\RobotoRegular.eot
FileModTime:1411900799
%EndFont

%BeginFont
Handler:DirectoryHandler
FontType:TrueType
FontName:Roboto-Regular
FamilyName:Roboto
StyleName:Regular
FullName:Roboto Regular
MenuName:Roboto
StyleBits:0
WritingScript:Roman
OutlineFileName:F:\WEB\ВЕРСТКА\3 Работы  по верстке\Test 5 (Верстка)\Font\RobotoRegular\RobotoRegular.ttf
DataFormat:sfntData
FileLength:50656
FileModTime:1411900642
WeightClass:400
WidthClass:5
AngleClass:0
NameArray:0,Mac,4,Roboto Regular
NameArray:0,Win,1,Roboto
%EndFont

%BeginFont
Handler:DirectoryHandler
FontType:Invalid
OutlineFileName:F:\WEB\ВЕРСТКА\3 Работы  по верстке\Test 5 (Верстка)\Font\RobotoRegular\RobotoRegular.woff
FileModTime:1411900473
%EndFont

%BeginFont
Handler:DirectoryHandler
FontType:Invalid
OutlineFileName:F:\WEB\ВЕРСТКА\3 Работы  по верстке\Test 5 (Верстка)\Font\RobotoMedium\RobotoMedium.eot
FileModTime:1411900787
%EndFont

%BeginFont
Handler:DirectoryHandler
FontType:TrueType
FontName:Roboto-Medium
FamilyName:Roboto Medium
StyleName:Regular
FullName:Roboto Medium
MenuName:Roboto Medium
StyleBits:0
WritingScript:Roman
OutlineFileName:F:\WEB\ВЕРСТКА\3 Работы  по верстке\Test 5 (Верстка)\Font\RobotoMedium\RobotoMedium.ttf
DataFormat:sfntData
FileLength:49592
FileModTime:1411900630
WeightClass:500
WidthClass:5
AngleClass:0
NameArray:0,Mac,4,Roboto Medium
NameArray:0,Win,1,Roboto Medium
%EndFont

%BeginFont
Handler:DirectoryHandler
FontType:Invalid
OutlineFileName:F:\WEB\ВЕРСТКА\3 Работы  по верстке\Test 5 (Верстка)\Font\RobotoMedium\RobotoMedium.woff
FileModTime:1411900492
%EndFont

%BeginFont
Handler:DirectoryHandler
FontType:Invalid
OutlineFileName:F:\WEB\ВЕРСТКА\3 Работы  по верстке\Test 5 (Верстка)\Font\RobotoLight\RobotoLight.eot
FileModTime:1411900772
%EndFont

%BeginFont
Handler:DirectoryHandler
FontType:TrueType
FontName:Roboto-Light
FamilyName:Roboto Light
StyleName:Regular
FullName:Roboto Light
MenuName:Roboto Light
StyleBits:0
WritingScript:Roman
OutlineFileName:F:\WEB\ВЕРСТКА\3 Работы  по верстке\Test 5 (Верстка)\Font\RobotoLight\RobotoLight.ttf
DataFormat:sfntData
FileLength:49228
FileModTime:1411900617
WeightClass:300
WidthClass:5
AngleClass:0
NameArray:0,Mac,4,Roboto Light
NameArray:0,Win,1,Roboto Light
%EndFont

%BeginFont
Handler:DirectoryHandler
FontType:Invalid
OutlineFileName:F:\WEB\ВЕРСТКА\3 Работы  по верстке\Test 5 (Верстка)\Font\RobotoLight\RobotoLight.woff
FileModTime:1411900452
%EndFont

%BeginFont
Handler:DirectoryHandler
FontType:Invalid
OutlineFileName:F:\WEB\ВЕРСТКА\3 Работы  по верстке\Test 5 (Верстка)\Font\RobotoBold\RobotoBold.eot
FileModTime:1411900756
%EndFont

%BeginFont
Handler:DirectoryHandler
FontType:TrueType
FontName:Roboto-Bold
FamilyName:Roboto
StyleName:Bold
FullName:Roboto Bold
MenuName:Roboto
StyleBits:2
WritingScript:Roman
OutlineFileName:F:\WEB\ВЕРСТКА\3 Работы  по верстке\Test 5 (Верстка)\Font\RobotoBold\RobotoBold.ttf
DataFormat:sfntData
FileLength:48420
FileModTime:1411900605
WeightClass:700
WidthClass:5
AngleClass:0
NameArray:0,Mac,4,Roboto Bold
NameArray:0,Win,1,Roboto
%EndFont

%BeginFont
Handler:DirectoryHandler
FontType:Invalid
OutlineFileName:F:\WEB\ВЕРСТКА\3 Работы  по верстке\Test 5 (Верстка)\Font\RobotoBold\RobotoBold.woff
FileModTime:1411900508
%EndFont

%BeginFont
Handler:DirectoryHandler
FontType:Invalid
OutlineFileName:F:\WEB\ВЕРСТКА\3 Работы  по верстке\Test 5 (Верстка)\Font\Flaticon\Flaticon.eot
FileModTime:1536080050
%EndFont

%BeginFont
Handler:DirectoryHandler
FontType:Invalid
OutlineFileName:F:\WEB\ВЕРСТКА\3 Работы  по верстке\Test 5 (Верстка)\Font\Flaticon\Flaticon.svg
FileModTime:1536080050
%EndFont

%BeginFont
Handler:DirectoryHandler
FontType:TrueType
FontName:Flaticon
FamilyName:Flaticon
StyleName:Regular
FullName:Flaticon
MenuName:Flaticon
StyleBits:0
WritingScript:Roman
OutlineFileName:F:\WEB\ВЕРСТКА\3 Работы  по верстке\Test 5 (Верстка)\Font\Flaticon\Flaticon.ttf
DataFormat:sfntData
FileLength:4812
FileModTime:1536080050
WeightClass:400
WidthClass:5
AngleClass:0
NameArray:0,Mac,4,Flaticon
NameArray:0,Win,1,Flaticon
%EndFont

%BeginFont
Handler:DirectoryHandler
FontType:Invalid
OutlineFileName:F:\WEB\ВЕРСТКА\3 Работы  по верстке\Test 5 (Верстка)\Font\Flaticon\Flaticon.woff
FileModTime:1536080050
%EndFont

